---
http_interactions:
- request:
    method: get
    uri: http://localhost:6301/clusters/.test/nodes
    body:
      encoding: US-ASCII
      string: ''
    headers:
      Accept:
      - application/vnd.api+json
      Content-Type:
      - application/vnd.api+json
      Authorization:
      - "[REDACTED]"
      User-Agent:
      - Faraday v0.17.3
      Accept-Encoding:
      - gzip;q=1.0,deflate;q=0.6,identity;q=0.3
  response:
    status:
      code: 200
      message: OK
    headers:
      Content-Type:
      - application/vnd.api+json
      Content-Length:
      - '4676'
    body:
      encoding: UTF-8
      string: |-
        {
          "data": [
            {
              "type": "nodes",
              "id": "5e4e6bf1e138231a166e4917",
              "attributes": {
                "name": "single",
                "params": {
                }
              },
              "links": {
                "self": "/nodes/5e4e6bf1e138231a166e4917"
              },
              "relationships": {
                "cluster": {
                  "links": {
                    "self": "/nodes/5e4e6bf1e138231a166e4917/relationships/cluster",
                    "related": "/nodes/5e4e6bf1e138231a166e4917/cluster"
                  }
                },
                "groups": {
                  "links": {
                    "self": "/nodes/5e4e6bf1e138231a166e4917/relationships/groups",
                    "related": "/nodes/5e4e6bf1e138231a166e4917/groups"
                  }
                },
                "cascades": {
                  "links": {
                    "self": "/nodes/5e4e6bf1e138231a166e4917/relationships/cascades",
                    "related": "/nodes/5e4e6bf1e138231a166e4917/cascades"
                  }
                }
              }
            },
            {
              "type": "nodes",
              "id": "5e4e6bf1e138231a166e4918",
              "attributes": {
                "name": "double1",
                "params": {
                }
              },
              "links": {
                "self": "/nodes/5e4e6bf1e138231a166e4918"
              },
              "relationships": {
                "cluster": {
                  "links": {
                    "self": "/nodes/5e4e6bf1e138231a166e4918/relationships/cluster",
                    "related": "/nodes/5e4e6bf1e138231a166e4918/cluster"
                  }
                },
                "groups": {
                  "links": {
                    "self": "/nodes/5e4e6bf1e138231a166e4918/relationships/groups",
                    "related": "/nodes/5e4e6bf1e138231a166e4918/groups"
                  }
                },
                "cascades": {
                  "links": {
                    "self": "/nodes/5e4e6bf1e138231a166e4918/relationships/cascades",
                    "related": "/nodes/5e4e6bf1e138231a166e4918/cascades"
                  }
                }
              }
            },
            {
              "type": "nodes",
              "id": "5e4e6bf1e138231a166e4919",
              "attributes": {
                "name": "double2",
                "params": {
                }
              },
              "links": {
                "self": "/nodes/5e4e6bf1e138231a166e4919"
              },
              "relationships": {
                "cluster": {
                  "links": {
                    "self": "/nodes/5e4e6bf1e138231a166e4919/relationships/cluster",
                    "related": "/nodes/5e4e6bf1e138231a166e4919/cluster"
                  }
                },
                "groups": {
                  "links": {
                    "self": "/nodes/5e4e6bf1e138231a166e4919/relationships/groups",
                    "related": "/nodes/5e4e6bf1e138231a166e4919/groups"
                  }
                },
                "cascades": {
                  "links": {
                    "self": "/nodes/5e4e6bf1e138231a166e4919/relationships/cascades",
                    "related": "/nodes/5e4e6bf1e138231a166e4919/cascades"
                  }
                }
              }
            },
            {
              "type": "nodes",
              "id": "5e4e6bf1e138231a166e491a",
              "attributes": {
                "name": "param_test",
                "params": {
                  "key1": "value1",
                  "key2": "value2"
                }
              },
              "links": {
                "self": "/nodes/5e4e6bf1e138231a166e491a"
              },
              "relationships": {
                "cluster": {
                  "links": {
                    "self": "/nodes/5e4e6bf1e138231a166e491a/relationships/cluster",
                    "related": "/nodes/5e4e6bf1e138231a166e491a/cluster"
                  }
                },
                "groups": {
                  "links": {
                    "self": "/nodes/5e4e6bf1e138231a166e491a/relationships/groups",
                    "related": "/nodes/5e4e6bf1e138231a166e491a/groups"
                  }
                },
                "cascades": {
                  "links": {
                    "self": "/nodes/5e4e6bf1e138231a166e491a/relationships/cascades",
                    "related": "/nodes/5e4e6bf1e138231a166e491a/cascades"
                  }
                }
              }
            },
            {
              "type": "nodes",
              "id": "5e4e6bf1e138231a166e491b",
              "attributes": {
                "name": "underscore_param_test",
                "params": {
                  "_underscored_key": "this key should be removed"
                }
              },
              "links": {
                "self": "/nodes/5e4e6bf1e138231a166e491b"
              },
              "relationships": {
                "cluster": {
                  "links": {
                    "self": "/nodes/5e4e6bf1e138231a166e491b/relationships/cluster",
                    "related": "/nodes/5e4e6bf1e138231a166e491b/cluster"
                  }
                },
                "groups": {
                  "links": {
                    "self": "/nodes/5e4e6bf1e138231a166e491b/relationships/groups",
                    "related": "/nodes/5e4e6bf1e138231a166e491b/groups"
                  }
                },
                "cascades": {
                  "links": {
                    "self": "/nodes/5e4e6bf1e138231a166e491b/relationships/cascades",
                    "related": "/nodes/5e4e6bf1e138231a166e491b/cascades"
                  }
                }
              }
            }
          ],
          "jsonapi": {
            "version": "1.0"
          },
          "included": [

          ]
        }
    http_version: 
  recorded_at: Thu, 20 Feb 2020 13:59:00 GMT
- request:
    method: get
    uri: http://localhost:6301/nodes/test.param_test
    body:
      encoding: US-ASCII
      string: ''
    headers:
      Accept:
      - application/vnd.api+json
      Content-Type:
      - application/vnd.api+json
      Authorization:
      - "[REDACTED]"
      User-Agent:
      - Faraday v0.17.3
      Accept-Encoding:
      - gzip;q=1.0,deflate;q=0.6,identity;q=0.3
  response:
    status:
      code: 200
      message: OK
    headers:
      Content-Type:
      - application/vnd.api+json
      Content-Length:
      - '956'
    body:
      encoding: UTF-8
      string: |-
        {
          "data": {
            "type": "nodes",
            "id": "5e4e6bf1e138231a166e491a",
            "attributes": {
              "name": "param_test",
              "params": {
                "key1": "value1",
                "key2": "value2"
              }
            },
            "links": {
              "self": "/nodes/5e4e6bf1e138231a166e491a"
            },
            "relationships": {
              "cluster": {
                "links": {
                  "self": "/nodes/5e4e6bf1e138231a166e491a/relationships/cluster",
                  "related": "/nodes/5e4e6bf1e138231a166e491a/cluster"
                }
              },
              "groups": {
                "links": {
                  "self": "/nodes/5e4e6bf1e138231a166e491a/relationships/groups",
                  "related": "/nodes/5e4e6bf1e138231a166e491a/groups"
                }
              },
              "cascades": {
                "links": {
                  "self": "/nodes/5e4e6bf1e138231a166e491a/relationships/cascades",
                  "related": "/nodes/5e4e6bf1e138231a166e491a/cascades"
                }
              }
            }
          },
          "jsonapi": {
            "version": "1.0"
          },
          "included": [

          ]
        }
    http_version: 
  recorded_at: Thu, 20 Feb 2020 13:59:00 GMT
- request:
    method: get
    uri: http://localhost:6301/nodes/test.underscore_param_test
    body:
      encoding: US-ASCII
      string: ''
    headers:
      Accept:
      - application/vnd.api+json
      Content-Type:
      - application/vnd.api+json
      Authorization:
      - "[REDACTED]"
      User-Agent:
      - Faraday v0.17.3
      Accept-Encoding:
      - gzip;q=1.0,deflate;q=0.6,identity;q=0.3
  response:
    status:
      code: 200
      message: OK
    headers:
      Content-Type:
      - application/vnd.api+json
      Content-Length:
      - '973'
    body:
      encoding: UTF-8
      string: |-
        {
          "data": {
            "type": "nodes",
            "id": "5e4e6bf1e138231a166e491b",
            "attributes": {
              "name": "underscore_param_test",
              "params": {
                "_underscored_key": "this key should be removed"
              }
            },
            "links": {
              "self": "/nodes/5e4e6bf1e138231a166e491b"
            },
            "relationships": {
              "cluster": {
                "links": {
                  "self": "/nodes/5e4e6bf1e138231a166e491b/relationships/cluster",
                  "related": "/nodes/5e4e6bf1e138231a166e491b/cluster"
                }
              },
              "groups": {
                "links": {
                  "self": "/nodes/5e4e6bf1e138231a166e491b/relationships/groups",
                  "related": "/nodes/5e4e6bf1e138231a166e491b/groups"
                }
              },
              "cascades": {
                "links": {
                  "self": "/nodes/5e4e6bf1e138231a166e491b/relationships/cascades",
                  "related": "/nodes/5e4e6bf1e138231a166e491b/cascades"
                }
              }
            }
          },
          "jsonapi": {
            "version": "1.0"
          },
          "included": [

          ]
        }
    http_version: 
  recorded_at: Thu, 20 Feb 2020 13:59:00 GMT
recorded_with: VCR 5.0.0
